---
source: crates/rolldown_testing/src/integration_test.rs
snapshot_kind: text
---
# Assets

## main.js

```js


//#region deconflict.js
var deconflict_exports = {};
__export(deconflict_exports, {
	__nodeModule: () => __nodeModule,
	require: () => require$1
});
const require$1 = "should deconflict";
const __nodeModule = "should deconflict";

//#endregion
//#region main.js
var main_default = () => __require("node:util");

//#endregion
export { main_default as default, deconflict_exports as depDeconflict };
```
