---
source: crates/rolldown_testing/src/integration_test.rs
snapshot_kind: text
---
# Assets

## main.js

```js
import __nodeModule from 'node:module';
var require = __nodeModule.createRequire(import.meta.url);

import * as fs from "fs";
import * as nodeFs from "node:fs";


//#region main.js
console.log(fs, nodeFs, __require("path"), __require("node:path"));

//#endregion
```
