---
source: crates/rolldown_testing/src/integration_test.rs
snapshot_kind: text
---
# Errors

## MISSING_EXPORT

```text
[MISSING_EXPORT] Error: "__toBinaryNode" is not exported by "rolldown:runtime".
   ╭─[text.data:1:9]
   │
 1 │ import {__toBinaryNode} from 'rolldown:runtime'; export default __toBinaryNode('IidgKz0vQCMkJCVeJiooCuS9oOWlve+8jOS4lueVjArQn9GA0LjQstC10YIg0LzQuNGACuOBk+OCk+OBq+OBoeOBr+S4lueVjAo=')
   │         ───────┬──────  
   │                ╰──────── Missing export
───╯

```
