---
source: crates/rolldown_testing/src/integration_test.rs
snapshot_kind: text
---
# Assets

## main.js

```js

__rolldown_runtime.modules({

"foo.js": function(__rolldown_runtime) {
//#region foo.js
__rolldown_runtime.__toCommonJS(exports);
__rolldown_runtime.__export(exports, { default: () => foo_default });
class {};

//#endregion
},

"main.js": function(__rolldown_runtime) {
//#region main.js
__rolldown_runtime.__toCommonJS(exports);
__rolldown_runtime.__export(exports, { default: () => A });
var foo_exports = __rolldown_runtime.require("foo.js");
class A {};

//#endregion
},

});

```
