---
source: crates/rolldown_testing/src/integration_test.rs
snapshot_kind: text
---
# Assets

## cube.js

```js

__rolldown_runtime.modules({

"square.js": function(__rolldown_runtime) {
//#region square.js
__rolldown_runtime.__toCommonJS(exports);
__rolldown_runtime.__export(exports, { default: () => square });
function square(x) {
	return x * x;
};

//#endregion
},

"cube.js": function(__rolldown_runtime) {
//#region cube.js
__rolldown_runtime.__toCommonJS(exports);
__rolldown_runtime.__export(exports, { default: () => cube });
var square_exports = __rolldown_runtime.require("square.js");
function cube(x) {
	return square_exports.default(x) * x;
};

//#endregion
},

});

```
## main.js

```js

__rolldown_runtime.modules({

"hyper-cube.js": function(__rolldown_runtime) {
//#region hyper-cube.js
__rolldown_runtime.__toCommonJS(exports);
__rolldown_runtime.__export(exports, { default: () => hyperCube });
var cube_exports = __rolldown_runtime.require("cube.js");
function hyperCube(x) {
	return cube_exports.default(x) * x;
};

//#endregion
},

"main.js": function(__rolldown_runtime) {
//#region main.js
__rolldown_runtime.__toCommonJS(exports);
var hyper_cube_exports = __rolldown_runtime.require("hyper-cube.js");
console.log(hyper_cube_exports.default(5));

//#endregion
},

});

```
## other-entry.js

```js

__rolldown_runtime.modules({

"other-entry.js": function(__rolldown_runtime) {
//#region other-entry.js
__rolldown_runtime.__toCommonJS(exports);
var cube_exports = __rolldown_runtime.require("cube.js");
console.log(cube_exports.default(5));

//#endregion
},

});

```
