---
source: crates/rolldown_testing/src/integration_test.rs
snapshot_kind: text
---
# Assets

## main.js

```js
var __rolldown_modules = {

"foo.js": function(__rolldown_runtime) {
//#region foo.js
__rolldown_runtime.__toCommonJS(__rolldown_runtime.exports);
__rolldown_runtime.__export(__rolldown_runtime.exports, { default: () => foo_default });
function() {};

//#endregion
},

"main.js": function(__rolldown_runtime) {
//#region main.js
__rolldown_runtime.__toCommonJS(__rolldown_runtime.exports);
__rolldown_runtime.__export(__rolldown_runtime.exports, { default: () => fn });
var foo_exports = __rolldown_runtime.require("foo.js");
function fn() {};

//#endregion
},

};

```
