---
source: crates/rolldown_testing/src/integration_test.rs
snapshot_kind: text
---
# Assets

## main.js

```js

//#region cjs.js
module.exports = 1;

//#endregion
//#region commonjs.mjs
module.exports = 1;

//#endregion
//#region main.js
__rolldown_runtime.__toCommonJS(exports);
var external = __rolldown_runtime.require("external");
var cjs_exports = __rolldown_runtime.__toESM(__rolldown_runtime.require("cjs.js"));
var commonjs_exports = __rolldown_runtime.__toESM(__rolldown_runtime.require("commonjs.mjs"), 1);
console.log(external.external, cjs_exports.foo, cjs_exports.bar);

//#endregion
```
