---
source: crates/rolldown_testing/src/integration_test.rs
snapshot_kind: text
---
# Assets

## main.js

```js

__rolldown_runtime.modules({

"rolldown:runtime": function(__rolldown_runtime) {

},

"foo.js": function(__rolldown_runtime) {
//#region foo.js
__rolldown_runtime.module.exports = 1;

//#endregion
},

"main.js": function(__rolldown_runtime) {
//#region main.js
__rolldown_runtime.require("foo.js");

//#endregion
},

});

```
