---
source: crates/rolldown_testing/src/integration_test.rs
snapshot_kind: text
---
# Assets

## main.js

```js

__rolldown_runtime.modules({

"main.js": function(__rolldown_runtime) {
//#region main.js
__rolldown_runtime.__toCommonJS(exports);
__rolldown_runtime.__export(exports, { external: () => external });
var external = __rolldown_runtime.require("external");
__rolldown_runtime.__reExport(exports, external);

//#endregion
},

});

```
