---
source: crates/rolldown_testing/src/integration_test.rs
snapshot_kind: text
---
# Assets

## main.js

```js
var __rolldown_modules = {

"main.js": function(__rolldown_runtime) {
//#region main.js
__rolldown_runtime.__toCommonJS(__rolldown_runtime.exports);
__rolldown_runtime.__export(__rolldown_runtime.exports, { external: () => external });
var external = __rolldown_runtime.require("external");
__rolldown_runtime.__reExport(__rolldown_runtime.exports, external);

//#endregion
},

});

```
